generators/rocket-chip/src/main/scala/tilelink/ToAXI4.scala:103:9: warning: module contains 32 printf-encoded verification operation(s), which are deprecated and will be removed in the future
generators/rocket-chip/src/main/scala/tilelink/ToAXI4.scala:280:16: note: example printf here, will just be a printf in the future
generators/rocket-chip/src/main/scala/tilelink/ToAXI4.scala:103:9: note: For more information, see https://github.com/llvm/circt/issues/6970
generators/rocket-chip/src/main/scala/amba/axi4/Deinterleaver.scala:48:9: warning: module contains 32 printf-encoded verification operation(s), which are deprecated and will be removed in the future
generators/rocket-chip/src/main/scala/amba/axi4/Deinterleaver.scala:104:20: note: example printf here, will just be a printf in the future
generators/rocket-chip/src/main/scala/amba/axi4/Deinterleaver.scala:48:9: note: For more information, see https://github.com/llvm/circt/issues/6970
generators/rocket-chip/src/main/scala/amba/axi4/UserYanker.scala:36:9: warning: module contains 2 printf-encoded verification operation(s), which are deprecated and will be removed in the future
generators/rocket-chip/src/main/scala/amba/axi4/UserYanker.scala:69:14: note: example printf here, will just be a printf in the future
generators/rocket-chip/src/main/scala/amba/axi4/UserYanker.scala:36:9: note: For more information, see https://github.com/llvm/circt/issues/6970
generators/rocket-chip/src/main/scala/tilelink/Xbar.scala:74:9: warning: module contains 21 printf-encoded verification operation(s), which are deprecated and will be removed in the future
generators/rocket-chip/src/main/scala/tilelink/Arbiter.scala:22:12: note: example printf here, will just be a printf in the future
generators/rocket-chip/src/main/scala/tilelink/Xbar.scala:74:9: note: For more information, see https://github.com/llvm/circt/issues/6970
generators/rocket-chip/src/main/scala/tilelink/Xbar.scala:74:9: warning: module contains 3 printf-encoded verification operation(s), which are deprecated and will be removed in the future
generators/rocket-chip/src/main/scala/tilelink/Arbiter.scala:22:12: note: example printf here, will just be a printf in the future
generators/rocket-chip/src/main/scala/tilelink/Xbar.scala:74:9: note: For more information, see https://github.com/llvm/circt/issues/6970
generators/rocket-chip/src/main/scala/tilelink/AtomicAutomata.scala:36:9: warning: module contains 2 printf-encoded verification operation(s), which are deprecated and will be removed in the future
generators/rocket-chip/src/main/scala/tilelink/Arbiter.scala:77:13: note: example printf here, will just be a printf in the future
generators/rocket-chip/src/main/scala/tilelink/AtomicAutomata.scala:36:9: note: For more information, see https://github.com/llvm/circt/issues/6970
generators/rocket-chip/src/main/scala/tilelink/Fragmenter.scala:92:9: warning: module contains 3 printf-encoded verification operation(s), which are deprecated and will be removed in the future
generators/rocket-chip/src/main/scala/tilelink/Fragmenter.scala:214:16: note: example printf here, will just be a printf in the future
generators/rocket-chip/src/main/scala/tilelink/Fragmenter.scala:92:9: note: For more information, see https://github.com/llvm/circt/issues/6970
generators/rocket-chip/src/main/scala/tilelink/Fragmenter.scala:92:9: warning: module contains 3 printf-encoded verification operation(s), which are deprecated and will be removed in the future
generators/rocket-chip/src/main/scala/tilelink/Fragmenter.scala:214:16: note: example printf here, will just be a printf in the future
generators/rocket-chip/src/main/scala/tilelink/Fragmenter.scala:92:9: note: For more information, see https://github.com/llvm/circt/issues/6970
generators/rocket-chip/src/main/scala/tilelink/Fragmenter.scala:92:9: warning: module contains 3 printf-encoded verification operation(s), which are deprecated and will be removed in the future
generators/rocket-chip/src/main/scala/tilelink/Fragmenter.scala:214:16: note: example printf here, will just be a printf in the future
generators/rocket-chip/src/main/scala/tilelink/Fragmenter.scala:92:9: note: For more information, see https://github.com/llvm/circt/issues/6970
generators/rocket-chip/src/main/scala/tilelink/Xbar.scala:74:9: warning: module contains 3 printf-encoded verification operation(s), which are deprecated and will be removed in the future
generators/rocket-chip/src/main/scala/tilelink/Arbiter.scala:22:12: note: example printf here, will just be a printf in the future
generators/rocket-chip/src/main/scala/tilelink/Xbar.scala:74:9: note: For more information, see https://github.com/llvm/circt/issues/6970
generators/testchipip/src/main/scala/tsi/TSIToTileLink.scala:36:7: warning: module contains 1 printf-encoded verification operation(s), which are deprecated and will be removed in the future
generators/testchipip/src/main/scala/tsi/TSIToTileLink.scala:137:15: note: example printf here, will just be a printf in the future
generators/testchipip/src/main/scala/tsi/TSIToTileLink.scala:36:7: note: For more information, see https://github.com/llvm/circt/issues/6970
generators/testchipip/src/main/scala/uart/UARTToSerial.scala:8:7: warning: module contains 1 printf-encoded verification operation(s), which are deprecated and will be removed in the future
generators/testchipip/src/main/scala/uart/UARTToSerial.scala:29:35: note: example printf here, will just be a printf in the future
generators/testchipip/src/main/scala/uart/UARTToSerial.scala:8:7: note: For more information, see https://github.com/llvm/circt/issues/6970
generators/rocket-chip/src/main/scala/tilelink/Xbar.scala:74:9: warning: module contains 3 printf-encoded verification operation(s), which are deprecated and will be removed in the future
generators/rocket-chip/src/main/scala/tilelink/Arbiter.scala:22:12: note: example printf here, will just be a printf in the future
generators/rocket-chip/src/main/scala/tilelink/Xbar.scala:74:9: note: For more information, see https://github.com/llvm/circt/issues/6970
generators/rocket-chip/src/main/scala/tilelink/Xbar.scala:74:9: warning: module contains 3 printf-encoded verification operation(s), which are deprecated and will be removed in the future
generators/rocket-chip/src/main/scala/tilelink/Arbiter.scala:22:12: note: example printf here, will just be a printf in the future
generators/rocket-chip/src/main/scala/tilelink/Xbar.scala:74:9: note: For more information, see https://github.com/llvm/circt/issues/6970
generators/rocket-chip/src/main/scala/tilelink/AtomicAutomata.scala:36:9: warning: module contains 2 printf-encoded verification operation(s), which are deprecated and will be removed in the future
generators/rocket-chip/src/main/scala/tilelink/Arbiter.scala:77:13: note: example printf here, will just be a printf in the future
generators/rocket-chip/src/main/scala/tilelink/AtomicAutomata.scala:36:9: note: For more information, see https://github.com/llvm/circt/issues/6970
generators/rocket-chip/src/main/scala/devices/tilelink/Error.scala:21:9: warning: module contains 1 printf-encoded verification operation(s), which are deprecated and will be removed in the future
generators/rocket-chip/src/main/scala/devices/tilelink/Error.scala:34:12: note: example printf here, will just be a printf in the future
generators/rocket-chip/src/main/scala/devices/tilelink/Error.scala:21:9: note: For more information, see https://github.com/llvm/circt/issues/6970
generators/rocket-chip/src/main/scala/tilelink/Fragmenter.scala:92:9: warning: module contains 3 printf-encoded verification operation(s), which are deprecated and will be removed in the future
generators/rocket-chip/src/main/scala/tilelink/Fragmenter.scala:214:16: note: example printf here, will just be a printf in the future
generators/rocket-chip/src/main/scala/tilelink/Fragmenter.scala:92:9: note: For more information, see https://github.com/llvm/circt/issues/6970
generators/rocket-chip/src/main/scala/tilelink/Fragmenter.scala:92:9: warning: module contains 3 printf-encoded verification operation(s), which are deprecated and will be removed in the future
generators/rocket-chip/src/main/scala/tilelink/Fragmenter.scala:214:16: note: example printf here, will just be a printf in the future
generators/rocket-chip/src/main/scala/tilelink/Fragmenter.scala:92:9: note: For more information, see https://github.com/llvm/circt/issues/6970
generators/rocket-chip/src/main/scala/tilelink/Fragmenter.scala:92:9: warning: module contains 3 printf-encoded verification operation(s), which are deprecated and will be removed in the future
generators/rocket-chip/src/main/scala/tilelink/Fragmenter.scala:214:16: note: example printf here, will just be a printf in the future
generators/rocket-chip/src/main/scala/tilelink/Fragmenter.scala:92:9: note: For more information, see https://github.com/llvm/circt/issues/6970
generators/rocket-chip/src/main/scala/tilelink/Fragmenter.scala:92:9: warning: module contains 3 printf-encoded verification operation(s), which are deprecated and will be removed in the future
generators/rocket-chip/src/main/scala/tilelink/Fragmenter.scala:214:16: note: example printf here, will just be a printf in the future
generators/rocket-chip/src/main/scala/tilelink/Fragmenter.scala:92:9: note: For more information, see https://github.com/llvm/circt/issues/6970
generators/rocket-chip/src/main/scala/tilelink/Xbar.scala:74:9: warning: module contains 3 printf-encoded verification operation(s), which are deprecated and will be removed in the future
generators/rocket-chip/src/main/scala/tilelink/Arbiter.scala:22:12: note: example printf here, will just be a printf in the future
generators/rocket-chip/src/main/scala/tilelink/Xbar.scala:74:9: note: For more information, see https://github.com/llvm/circt/issues/6970
generators/rocket-chip/src/main/scala/tilelink/Broadcast.scala:406:7: warning: module contains 4 printf-encoded verification operation(s), which are deprecated and will be removed in the future
generators/rocket-chip/src/main/scala/tilelink/Broadcast.scala:446:12: note: example printf here, will just be a printf in the future
generators/rocket-chip/src/main/scala/tilelink/Broadcast.scala:406:7: note: For more information, see https://github.com/llvm/circt/issues/6970
generators/rocket-chip/src/main/scala/tilelink/Broadcast.scala:406:7: warning: module contains 4 printf-encoded verification operation(s), which are deprecated and will be removed in the future
generators/rocket-chip/src/main/scala/tilelink/Broadcast.scala:446:12: note: example printf here, will just be a printf in the future
generators/rocket-chip/src/main/scala/tilelink/Broadcast.scala:406:7: note: For more information, see https://github.com/llvm/circt/issues/6970
generators/rocket-chip/src/main/scala/tilelink/Broadcast.scala:406:7: warning: module contains 4 printf-encoded verification operation(s), which are deprecated and will be removed in the future
generators/rocket-chip/src/main/scala/tilelink/Broadcast.scala:446:12: note: example printf here, will just be a printf in the future
generators/rocket-chip/src/main/scala/tilelink/Broadcast.scala:406:7: note: For more information, see https://github.com/llvm/circt/issues/6970
generators/rocket-chip/src/main/scala/tilelink/Broadcast.scala:406:7: warning: module contains 4 printf-encoded verification operation(s), which are deprecated and will be removed in the future
generators/rocket-chip/src/main/scala/tilelink/Broadcast.scala:446:12: note: example printf here, will just be a printf in the future
generators/rocket-chip/src/main/scala/tilelink/Broadcast.scala:406:7: note: For more information, see https://github.com/llvm/circt/issues/6970
generators/rocket-chip/src/main/scala/tilelink/Broadcast.scala:90:9: warning: module contains 6 printf-encoded verification operation(s), which are deprecated and will be removed in the future
generators/rocket-chip/src/main/scala/tilelink/Broadcast.scala:132:14: note: example printf here, will just be a printf in the future
generators/rocket-chip/src/main/scala/tilelink/Broadcast.scala:90:9: note: For more information, see https://github.com/llvm/circt/issues/6970
generators/rocket-chip/src/main/scala/devices/tilelink/Plic.scala:132:9: warning: module contains 6 printf-encoded verification operation(s), which are deprecated and will be removed in the future
generators/rocket-chip/src/main/scala/devices/tilelink/Plic.scala:249:11: note: example printf here, will just be a printf in the future
generators/rocket-chip/src/main/scala/devices/tilelink/Plic.scala:132:9: note: For more information, see https://github.com/llvm/circt/issues/6970
generators/rocket-chip/src/main/scala/tilelink/Xbar.scala:74:9: warning: module contains 3 printf-encoded verification operation(s), which are deprecated and will be removed in the future
generators/rocket-chip/src/main/scala/tilelink/Arbiter.scala:22:12: note: example printf here, will just be a printf in the future
generators/rocket-chip/src/main/scala/tilelink/Xbar.scala:74:9: note: For more information, see https://github.com/llvm/circt/issues/6970
generators/rocket-chip/src/main/scala/devices/tilelink/Error.scala:21:9: warning: module contains 3 printf-encoded verification operation(s), which are deprecated and will be removed in the future
generators/rocket-chip/src/main/scala/devices/tilelink/Error.scala:34:12: note: example printf here, will just be a printf in the future
generators/rocket-chip/src/main/scala/devices/tilelink/Error.scala:21:9: note: For more information, see https://github.com/llvm/circt/issues/6970
generators/rocket-chip/src/main/scala/devices/debug/SBA.scala:273:9: warning: module contains 1 printf-encoded verification operation(s), which are deprecated and will be removed in the future
generators/rocket-chip/src/main/scala/devices/debug/SBA.scala:373:12: note: example printf here, will just be a printf in the future
generators/rocket-chip/src/main/scala/devices/debug/SBA.scala:273:9: note: For more information, see https://github.com/llvm/circt/issues/6970
generators/rocket-chip/src/main/scala/devices/debug/Debug.scala:790:9: warning: module contains 5 printf-encoded verification operation(s), which are deprecated and will be removed in the future
generators/rocket-chip/src/main/scala/devices/debug/Debug.scala:1505:15: note: example printf here, will just be a printf in the future
generators/rocket-chip/src/main/scala/devices/debug/Debug.scala:790:9: note: For more information, see https://github.com/llvm/circt/issues/6970
generators/rocket-chip/src/main/scala/tilelink/SRAM.scala:63:9: warning: module contains 1 printf-encoded verification operation(s), which are deprecated and will be removed in the future
generators/rocket-chip/src/main/scala/tilelink/SRAM.scala:231:12: note: example printf here, will just be a printf in the future
generators/rocket-chip/src/main/scala/tilelink/SRAM.scala:63:9: note: For more information, see https://github.com/llvm/circt/issues/6970
generators/rocket-chip/src/main/scala/tilelink/Fragmenter.scala:92:9: warning: module contains 3 printf-encoded verification operation(s), which are deprecated and will be removed in the future
generators/rocket-chip/src/main/scala/tilelink/Fragmenter.scala:214:16: note: example printf here, will just be a printf in the future
generators/rocket-chip/src/main/scala/tilelink/Fragmenter.scala:92:9: note: For more information, see https://github.com/llvm/circt/issues/6970
generators/rocket-chip/src/main/scala/tilelink/Xbar.scala:74:9: warning: module contains 3 printf-encoded verification operation(s), which are deprecated and will be removed in the future
generators/rocket-chip/src/main/scala/tilelink/Arbiter.scala:22:12: note: example printf here, will just be a printf in the future
generators/rocket-chip/src/main/scala/tilelink/Xbar.scala:74:9: note: For more information, see https://github.com/llvm/circt/issues/6970
generators/rocket-chip/src/main/scala/tilelink/Fragmenter.scala:92:9: warning: module contains 3 printf-encoded verification operation(s), which are deprecated and will be removed in the future
generators/rocket-chip/src/main/scala/tilelink/Fragmenter.scala:214:16: note: example printf here, will just be a printf in the future
generators/rocket-chip/src/main/scala/tilelink/Fragmenter.scala:92:9: note: For more information, see https://github.com/llvm/circt/issues/6970
generators/rocket-chip/src/main/scala/tilelink/Fragmenter.scala:92:9: warning: module contains 3 printf-encoded verification operation(s), which are deprecated and will be removed in the future
generators/rocket-chip/src/main/scala/tilelink/Fragmenter.scala:214:16: note: example printf here, will just be a printf in the future
generators/rocket-chip/src/main/scala/tilelink/Fragmenter.scala:92:9: note: For more information, see https://github.com/llvm/circt/issues/6970
generators/rocket-chip/src/main/scala/jtag/JtagShifter.scala:137:7: warning: module contains 1 printf-encoded verification operation(s), which are deprecated and will be removed in the future
generators/rocket-chip/src/main/scala/jtag/JtagShifter.scala:185:9: note: example printf here, will just be a printf in the future
generators/rocket-chip/src/main/scala/jtag/JtagShifter.scala:137:7: note: For more information, see https://github.com/llvm/circt/issues/6970
generators/rocket-chip/src/main/scala/jtag/JtagShifter.scala:137:7: warning: module contains 1 printf-encoded verification operation(s), which are deprecated and will be removed in the future
generators/rocket-chip/src/main/scala/jtag/JtagShifter.scala:185:9: note: example printf here, will just be a printf in the future
generators/rocket-chip/src/main/scala/jtag/JtagShifter.scala:137:7: note: For more information, see https://github.com/llvm/circt/issues/6970
generators/rocket-chip/src/main/scala/jtag/JtagShifter.scala:89:7: warning: module contains 1 printf-encoded verification operation(s), which are deprecated and will be removed in the future
generators/rocket-chip/src/main/scala/jtag/JtagShifter.scala:118:9: note: example printf here, will just be a printf in the future
generators/rocket-chip/src/main/scala/jtag/JtagShifter.scala:89:7: note: For more information, see https://github.com/llvm/circt/issues/6970
generators/rocket-chip/src/main/scala/jtag/JtagShifter.scala:137:7: warning: module contains 1 printf-encoded verification operation(s), which are deprecated and will be removed in the future
generators/rocket-chip/src/main/scala/jtag/JtagShifter.scala:185:9: note: example printf here, will just be a printf in the future
generators/rocket-chip/src/main/scala/jtag/JtagShifter.scala:137:7: note: For more information, see https://github.com/llvm/circt/issues/6970
generators/rocket-chip/src/main/scala/jtag/JtagShifter.scala:56:7: warning: module contains 1 printf-encoded verification operation(s), which are deprecated and will be removed in the future
generators/rocket-chip/src/main/scala/jtag/JtagShifter.scala:72:9: note: example printf here, will just be a printf in the future
generators/rocket-chip/src/main/scala/jtag/JtagShifter.scala:56:7: note: For more information, see https://github.com/llvm/circt/issues/6970
generators/rocket-chip/src/main/scala/devices/debug/DebugTransport.scala:73:7: warning: module contains 3 printf-encoded verification operation(s), which are deprecated and will be removed in the future
generators/rocket-chip/src/main/scala/devices/debug/DebugTransport.scala:203:9: note: example printf here, will just be a printf in the future
generators/rocket-chip/src/main/scala/devices/debug/DebugTransport.scala:73:7: note: For more information, see https://github.com/llvm/circt/issues/6970
===-------------------------------------------------------------------------===
                         ... Execution time report ...
===-------------------------------------------------------------------------===
  Total Execution Time: 3.9984 seconds

  ----User Time----  ----Wall Time----  ----Name----
    0.2832 (  4.1%)    0.2832 (  7.1%)  FIR Parser
    0.0157 (  0.2%)    0.0157 (  0.4%)    Parse annotations
    0.0000 (  0.0%)    0.0000 (  0.0%)    Parse OMIR
    0.1891 (  2.7%)    0.1891 (  4.7%)    Parse modules
    0.0724 (  1.0%)    0.0724 (  1.8%)    Verify circuit
    5.0443 ( 72.8%)    2.6959 ( 67.4%)  'firrtl.circuit' Pipeline
    0.0125 (  0.2%)    0.0125 (  0.3%)    LowerOpenAggs
    0.0847 (  1.2%)    0.0847 (  2.1%)    ResolvePaths
    0.0055 (  0.1%)    0.0055 (  0.1%)      (A) circt::firrtl::InstanceGraph
    0.0778 (  1.1%)    0.0778 (  1.9%)    LowerFIRRTLAnnotations
    0.0052 (  0.1%)    0.0052 (  0.1%)    LowerIntmodules
    0.0051 (  0.1%)    0.0051 (  0.1%)      (A) circt::firrtl::InstanceGraph
    0.0226 (  0.3%)    0.0062 (  0.2%)    'firrtl.module' Pipeline
    0.0188 (  0.3%)    0.0057 (  0.1%)      LowerIntrinsics
    0.1081 (  1.6%)    0.1081 (  2.7%)    LowerSignatures
    0.0000 (  0.0%)    0.0000 (  0.0%)    InjectDUTHierarchy
    0.8271 ( 11.9%)    0.2730 (  6.8%)    'firrtl.module' Pipeline
    0.1755 (  2.5%)    0.0576 (  1.4%)      PassiveWires
    0.2094 (  3.0%)    0.0746 (  1.9%)      DropName
    0.2532 (  3.7%)    0.0833 (  2.1%)      CSE
    0.0007 (  0.0%)    0.0002 (  0.0%)        (A) DominanceInfo
    0.0569 (  0.8%)    0.0156 (  0.4%)      LowerCHIRRTLPass
    0.1265 (  1.8%)    0.0410 (  1.0%)      LowerMatches
    0.1438 (  2.1%)    0.1438 (  3.6%)    InferWidths
    0.0001 (  0.0%)    0.0001 (  0.0%)      (A) SymbolTable
    0.0095 (  0.1%)    0.0095 (  0.2%)      (A) circt::hw::InnerSymbolTableCollection
    0.0766 (  1.1%)    0.0766 (  1.9%)    MemToRegOfVec
    0.1192 (  1.7%)    0.1192 (  3.0%)    InferResets
    0.0060 (  0.1%)    0.0060 (  0.1%)      (A) circt::firrtl::InstanceGraph
    0.0909 (  1.3%)    0.0909 (  2.3%)    DropConst
    0.0011 (  0.0%)    0.0011 (  0.0%)    HoistPassthrough
    0.1330 (  1.9%)    0.1330 (  3.3%)    Dedup
    0.0002 (  0.0%)    0.0002 (  0.0%)      (A) circt::firrtl::NLATable
    0.0001 (  0.0%)    0.0001 (  0.0%)      (A) SymbolTable
    0.1150 (  1.7%)    0.0435 (  1.1%)    'firrtl.module' Pipeline
    0.1145 (  1.7%)    0.0433 (  1.1%)      FlattenMemory
    0.1959 (  2.8%)    0.1959 (  4.9%)    LowerFIRRTLTypes
    0.0000 (  0.0%)    0.0000 (  0.0%)      (A) SymbolTable
    0.2373 (  3.4%)    0.0753 (  1.9%)    'any' Pipeline
    0.2366 (  3.4%)    0.0751 (  1.9%)      ExpandWhens
    0.4060 (  5.9%)    0.1582 (  4.0%)    'firrtl.module' Pipeline
    0.1579 (  2.3%)    0.0640 (  1.6%)      SFCCompat
    0.1221 (  1.8%)    0.0448 (  1.1%)      LayerMerge
    0.1249 (  1.8%)    0.0491 (  1.2%)      LayerSink
    0.0003 (  0.0%)    0.0001 (  0.0%)        (A) DominanceInfo
    0.1348 (  1.9%)    0.1348 (  3.4%)    LowerLayers
    0.1537 (  2.2%)    0.1537 (  3.8%)    Inliner
    0.0000 (  0.0%)    0.0000 (  0.0%)      (A) SymbolTable
    0.1335 (  1.9%)    0.0487 (  1.2%)    'firrtl.module' Pipeline
    0.1331 (  1.9%)    0.0486 (  1.2%)      RandomizeRegisterInit
    0.1019 (  1.5%)    0.1019 (  2.5%)    CheckCombLoops
    0.0068 (  0.1%)    0.0068 (  0.2%)      (A) circt::firrtl::InstanceGraph
    0.6070 (  8.8%)    0.2001 (  5.0%)    'firrtl.module' Pipeline
    0.5491 (  7.9%)    0.1850 (  4.6%)      Canonicalizer
    0.0570 (  0.8%)    0.0154 (  0.4%)      InferReadWrite
    0.0518 (  0.7%)    0.0518 (  1.3%)    LowerMemory
    0.0025 (  0.0%)    0.0025 (  0.1%)      (A) circt::firrtl::InstanceGraph
    0.0000 (  0.0%)    0.0000 (  0.0%)      (A) SymbolTable
    0.0236 (  0.3%)    0.0236 (  0.6%)    PrefixModules
    0.0037 (  0.1%)    0.0037 (  0.1%)      (A) circt::firrtl::InstanceGraph
    0.0001 (  0.0%)    0.0001 (  0.0%)      (A) circt::firrtl::NLATable
    0.1398 (  2.0%)    0.1398 (  3.5%)    IMConstProp
    0.0034 (  0.0%)    0.0034 (  0.1%)    HoistPassthrough
    0.0026 (  0.0%)    0.0026 (  0.1%)      (A) circt::firrtl::InstanceGraph
    0.1083 (  1.6%)    0.1083 (  2.7%)  IMDeadCodeElim
    0.0028 (  0.0%)    0.0028 (  0.1%)    (A) circt::firrtl::InstanceGraph
    0.0000 (  0.0%)    0.0000 (  0.0%)    (A) SymbolTable
    0.0036 (  0.1%)    0.0036 (  0.1%)    (A) circt::hw::InnerSymbolTableCollection
    0.0020 (  0.0%)    0.0020 (  0.1%)  'firrtl.circuit' Pipeline
    0.0020 (  0.0%)    0.0020 (  0.1%)    AddSeqMemPorts
    0.0019 (  0.0%)    0.0019 (  0.0%)      (A) circt::firrtl::InstanceGraph
    0.0299 (  0.4%)    0.0299 (  0.7%)  CreateSiFiveMetadata
    0.0020 (  0.0%)    0.0020 (  0.0%)    (A) circt::firrtl::InstanceGraph
    0.0839 (  1.2%)    0.0839 (  2.1%)  'firrtl.circuit' Pipeline
    0.0060 (  0.1%)    0.0060 (  0.2%)    ExtractInstances
    0.0022 (  0.0%)    0.0022 (  0.1%)      (A) circt::firrtl::InstanceGraph
    0.0001 (  0.0%)    0.0001 (  0.0%)      (A) circt::firrtl::NLATable
    0.0000 (  0.0%)    0.0000 (  0.0%)    GrandCentral
    0.0319 (  0.5%)    0.0319 (  0.8%)    BlackBoxReader
    0.0459 (  0.7%)    0.0459 (  1.1%)    SymbolDCE
    0.0471 (  0.7%)    0.0471 (  1.2%)  InnerSymbolDCE
    0.2957 (  4.3%)    0.1569 (  3.9%)  'firrtl.circuit' Pipeline
    0.1387 (  2.0%)    0.0362 (  0.9%)    'firrtl.module' Pipeline
    0.1072 (  1.5%)    0.0293 (  0.7%)      Canonicalizer
    0.0310 (  0.4%)    0.0085 (  0.2%)      RegisterOptimizer
    0.1032 (  1.5%)    0.1032 (  2.6%)    IMConstProp
    0.0044 (  0.1%)    0.0044 (  0.1%)      (A) circt::firrtl::InstanceGraph
    0.0879 (  1.3%)    0.0879 (  2.2%)  IMDeadCodeElim
    0.0014 (  0.0%)    0.0014 (  0.0%)    (A) circt::firrtl::InstanceGraph
    0.0000 (  0.0%)    0.0000 (  0.0%)    (A) SymbolTable
    0.0021 (  0.0%)    0.0021 (  0.1%)    (A) circt::hw::InnerSymbolTableCollection
    0.2142 (  3.1%)    0.1412 (  3.5%)  'firrtl.circuit' Pipeline
    0.0000 (  0.0%)    0.0000 (  0.0%)    EmitOMIR
    0.0699 (  1.0%)    0.0195 (  0.5%)    'firrtl.module' Pipeline
    0.0060 (  0.1%)    0.0016 (  0.0%)      MergeConnections
    0.0636 (  0.9%)    0.0179 (  0.4%)      Vectorization
    0.0060 (  0.1%)    0.0060 (  0.1%)    ResolveTraces
    0.0000 (  0.0%)    0.0000 (  0.0%)      (A) circt::firrtl::NLATable
    0.0027 (  0.0%)    0.0027 (  0.1%)      (A) circt::hw::InnerSymbolTableCollection
    0.0367 (  0.5%)    0.0367 (  0.9%)    LowerXMR
    0.0017 (  0.0%)    0.0017 (  0.0%)      (A) circt::firrtl::InstanceGraph
    0.0523 (  0.8%)    0.0523 (  1.3%)    LowerClasses
    0.0017 (  0.0%)    0.0017 (  0.0%)      (A) circt::firrtl::InstanceGraph
    0.0000 (  0.0%)    0.0000 (  0.0%)      (A) SymbolTable
    0.0005 (  0.0%)    0.0005 (  0.0%)    VerifyObjectFields
    0.0000 (  0.0%)    0.0000 (  0.0%)      (A) SymbolTable
    0.0031 (  0.0%)    0.0011 (  0.0%)    'firrtl.module' Pipeline
    0.0026 (  0.0%)    0.0009 (  0.0%)      Lint
    0.0653 (  0.9%)    0.0653 (  1.6%)  LowerFIRRTLToHW
    0.0014 (  0.0%)    0.0014 (  0.0%)    (A) circt::firrtl::InstanceGraph
    0.0000 (  0.0%)    0.0000 (  0.0%)    (A) circt::firrtl::NLATable
    0.1654 (  2.4%)    0.0472 (  1.2%)  'hw.module' Pipeline
    0.0354 (  0.5%)    0.0124 (  0.3%)    CSE
    0.0001 (  0.0%)    0.0000 (  0.0%)      (A) DominanceInfo
    0.1294 (  1.9%)    0.0346 (  0.9%)    Canonicalizer
    0.0019 (  0.0%)    0.0019 (  0.0%)  VerifyInnerRefNamespace
    0.0003 (  0.0%)    0.0003 (  0.0%)  VerifyObjectFields
    0.0000 (  0.0%)    0.0000 (  0.0%)    (A) SymbolTable
    0.0006 (  0.0%)    0.0006 (  0.0%)  ExternalizeClockGate
    0.0067 (  0.1%)    0.0067 (  0.2%)  LowerSimToSV
    0.0291 (  0.4%)    0.0291 (  0.7%)  LowerSeqToSV
    0.0161 (  0.2%)    0.0043 (  0.1%)  'hw.module' Pipeline
    0.0149 (  0.2%)    0.0042 (  0.1%)    LowerVerifToSV
    0.0086 (  0.1%)    0.0086 (  0.2%)  HWMemSimImpl
    0.0994 (  1.4%)    0.0280 (  0.7%)  'hw.module' Pipeline
    0.0301 (  0.4%)    0.0078 (  0.2%)    CSE
    0.0002 (  0.0%)    0.0000 (  0.0%)      (A) DominanceInfo
    0.0478 (  0.7%)    0.0153 (  0.4%)    Canonicalizer
    0.0143 (  0.2%)    0.0038 (  0.1%)    CSE
    0.0008 (  0.0%)    0.0007 (  0.0%)      (A) DominanceInfo
    0.0064 (  0.1%)    0.0021 (  0.1%)    HWCleanup
    0.0019 (  0.0%)    0.0019 (  0.0%)  VerifyInnerRefNamespace
    0.0004 (  0.0%)    0.0004 (  0.0%)  VerifyObjectFields
    0.0000 (  0.0%)    0.0000 (  0.0%)    (A) SymbolTable
    0.0178 (  0.3%)    0.0051 (  0.1%)  'hw.module' Pipeline
    0.0011 (  0.0%)    0.0003 (  0.0%)    HWLegalizeModules
    0.0161 (  0.2%)    0.0047 (  0.1%)    PrettifyVerilog
    0.0095 (  0.1%)    0.0095 (  0.2%)  StripDebugInfoWithPred
    0.0066 (  0.1%)    0.0066 (  0.2%)  HWExportModuleHierarchy
    0.0000 (  0.0%)    0.0000 (  0.0%)    (A) SymbolTable
    0.0032 (  0.0%)    0.0032 (  0.1%)  VerifyInnerRefNamespace
    0.0001 (  0.0%)    0.0001 (  0.0%)  VerifyObjectFields
    0.1201 (  1.7%)    0.1201 (  3.0%)  ExportSplitVerilog
    0.1107 (  1.6%)    0.0368 (  0.9%)  'builtin.module' Pipeline
    0.0084 (  0.1%)    0.0084 (  0.2%)    HWLowerInstanceChoices
    0.0738 (  1.1%)    0.0203 (  0.5%)    'hw.module' Pipeline
    0.0735 (  1.1%)    0.0203 (  0.5%)      PrepareForEmission
   -0.0330 ( -0.5%)   -0.0330 ( -0.8%)  Rest
    6.9311 (100.0%)    3.9984 (100.0%)  Total
