Arty100T FPGA Base Clock Freq: 50 MHz
mem AXI4-ID <= TL-Source mapping:
	[ 0, 16) <= [ 0, 16) "chip_ddr"

Running VexiiRiscv generator with args: Test/runMain vexiiriscv.GenerateTilelink --with-fetch-l1 --with-lsu-l1 --lsu-l1-coherency --fetch-l1-hardware-prefetch=nl --fetch-l1-refill-count=2 --lsu-software-prefetch --lsu-hardware-prefetch rpt --performance-counters 9 --regfile-async --lsu-l1-store-buffer-ops=32 --lsu-l1-refill-count 4 --lsu-l1-writeback-count 4 --lsu-l1-store-buffer-slots=4 --with-mul --with-div --allow-bypass-from=0 --with-lsu-bypass --with-rva --with-supervisor --fetch-l1-ways=4 --fetch-l1-mem-data-width-min=128 --lsu-l1-ways=4 --lsu-l1-mem-data-width-min=128 --xlen=64 --with-rvc --with-rvf --with-rvd --with-rvZb --with-btb --with-ras --with-gshare --with-late-alu --decoders=2 --lanes=2 --with-dispatcher-buffer --with-hart-id-input --reset-vector=0x10000 --with-whiteboxer-outputs --with-boot-mem-init --tl-sink-width=4 --debug-triggers=1 --region base=3000,size=1000,main=0,exe=1 --region base=1000,size=1000,main=0,exe=1 --region base=10020000,size=1000,main=0,exe=1 --region base=40000000,size=1000,main=0,exe=1 --region base=2000000,size=10000,main=0,exe=1 --region base=C000000,size=4000000,main=0,exe=1 --region base=0,size=1000,main=0,exe=1 --region base=10000,size=10000,main=0,exe=1 --region base=100000,size=1000,main=0,exe=1 --region base=110000,size=1000,main=0,exe=1 --region base=80000000,size=10000000,main=1,exe=1 --region base=8000000,size=10000,main=1,exe=1
Running VexiiRiscv generator with args: Test/runMain vexiiriscv.GenerateTilelink --with-fetch-l1 --with-lsu-l1 --lsu-l1-coherency --fetch-l1-hardware-prefetch=nl --fetch-l1-refill-count=2 --lsu-software-prefetch --lsu-hardware-prefetch rpt --performance-counters 9 --regfile-async --lsu-l1-store-buffer-ops=32 --lsu-l1-refill-count 4 --lsu-l1-writeback-count 4 --lsu-l1-store-buffer-slots=4 --with-mul --with-div --allow-bypass-from=0 --with-lsu-bypass --with-rva --with-supervisor --fetch-l1-ways=4 --fetch-l1-mem-data-width-min=128 --lsu-l1-ways=4 --lsu-l1-mem-data-width-min=128 --xlen=64 --with-rvc --with-rvf --with-rvd --with-rvZb --with-btb --with-ras --with-gshare --with-late-alu --decoders=2 --lanes=2 --with-dispatcher-buffer --with-hart-id-input --reset-vector=0x10000 --with-whiteboxer-outputs --with-boot-mem-init --tl-sink-width=4 --debug-triggers=1 --region base=3000,size=1000,main=0,exe=1 --region base=1000,size=1000,main=0,exe=1 --region base=10020000,size=1000,main=0,exe=1 --region base=40000000,size=1000,main=0,exe=1 --region base=2000000,size=10000,main=0,exe=1 --region base=C000000,size=4000000,main=0,exe=1 --region base=0,size=1000,main=0,exe=1 --region base=10000,size=10000,main=0,exe=1 --region base=100000,size=1000,main=0,exe=1 --region base=110000,size=1000,main=0,exe=1 --region base=80000000,size=10000000,main=1,exe=1 --region base=8000000,size=10000,main=1,exe=1
Interrupt map (4 harts 1 interrupts):
  [1, 1] => uart_0

[31m

!!!!!!!!!!!!!!!!!!!!!!!!!!!!!!!!!!!!!!!!!!!!!!!!!!

WARNING: YOU ARE USING A DEADLOCKING DECOUPLED
SERIAL PHY. THIS SHOULD ONLY BE USED IF YOU ARE
CERTAIN THIS LINK WILL NOT BE HEAVILY LOADED.

USE CreditedSourceSyncSerialPhyParams INSTEAD IF
DEADLOCK-FREEDOM IS NECESSARY.

!!!!!!!!!!!!!!!!!!!!!!!!!!!!!!!!!!!!!!!!!!!!!!!!!!

[0m
Clock sbus_0: using diplomatically specified frequency of 50.0.
Clock pbus_0: using diplomatically specified frequency of 50.0.
Clock fbus_0: using diplomatically specified frequency of 50.0.
Clock mbus_0: using diplomatically specified frequency of 50.0.
Clock cbus_0: using diplomatically specified frequency of 50.0.
Leaving clock group uncore with synchronous reset
/dts-v1/;

/ {
	#address-cells = <1>;
	#size-cells = <1>;
	compatible = "ucb-bar,chipyard-dev";
	model = "ucb-bar,chipyard";
	L3: aliases {
		serial0 = &L27;
	};
	L19: chosen {
		stdout-path = &L27;
	};
	L2: cpus {
		#address-cells = <1>;
		#size-cells = <0>;
		timebase-frequency = <50000>;
		L12: cpu@0 {
			clock-frequency = <0>;
			compatible = "spinalhdl,vexiiriscv", "riscv";
			device_type = "cpu";
			hardware-exec-breakpoint-count = <0>;
			mmu-type = "riscv,sv39";
			next-level-cache = <&L21 &L25>;
			reg = <0x0>;
			riscv,isa = "rv64imafdcbzicsr_zifencei_zihpm_zba_zbb_zbs";
			status = "okay";
			timebase-frequency = <50000>;
			tlb-split;
			L11: interrupt-controller {
				#interrupt-cells = <1>;
				compatible = "riscv,cpu-intc";
				interrupt-controller;
			};
		};
		L14: cpu@1 {
			clock-frequency = <0>;
			compatible = "spinalhdl,vexiiriscv", "riscv";
			device_type = "cpu";
			hardware-exec-breakpoint-count = <0>;
			mmu-type = "riscv,sv39";
			next-level-cache = <&L21 &L25>;
			reg = <0x1>;
			riscv,isa = "rv64imafdcbzicsr_zifencei_zihpm_zba_zbb_zbs";
			status = "okay";
			timebase-frequency = <50000>;
			tlb-split;
			L13: interrupt-controller {
				#interrupt-cells = <1>;
				compatible = "riscv,cpu-intc";
				interrupt-controller;
			};
		};
	};
	L25: memory@8000000 {
		device_type = "memory";
		reg = <0x8000000 0x10000>;
		status = "disabled";
	};
	L21: memory@80000000 {
		device_type = "memory";
		reg = <0x80000000 0x10000000>;
	};
	L1: soc {
		#address-cells = <1>;
		#size-cells = <1>;
		compatible = "ucb-bar,chipyard-soc", "simple-bus";
		ranges;
		L26: boot-address-reg@1000 {
			reg = <0x1000 0x1000>;
			reg-names = "control";
		};
		L8: cbus_clock {
			#clock-cells = <0>;
			clock-frequency = <50000000>;
			clock-output-names = "cbus_clock";
			compatible = "fixed-clock";
		};
		L15: clint@2000000 {
			compatible = "riscv,clint0";
			interrupts-extended = <&L11 3 &L11 7 &L13 3 &L13 7>;
			reg = <0x2000000 0x10000>;
			reg-names = "control";
		};
		L29: clock-gater@100000 {
			reg = <0x100000 0x1000>;
			reg-names = "control";
		};
		L17: debug-controller@0 {
			compatible = "sifive,debug-013", "riscv,debug-013";
			debug-attach = "jtag";
			interrupts-extended = <&L11 65535 &L13 65535>;
			reg = <0x0 0x1000>;
			reg-names = "control";
		};
		L9: error-device@3000 {
			compatible = "sifive,error0";
			reg = <0x3000 0x1000>;
		};
		L7: fbus_clock {
			#clock-cells = <0>;
			clock-frequency = <50000000>;
			clock-output-names = "fbus_clock";
			compatible = "fixed-clock";
		};
		L16: interrupt-controller@c000000 {
			#interrupt-cells = <1>;
			compatible = "riscv,plic0";
			interrupt-controller;
			interrupts-extended = <&L11 11 &L11 9 &L13 11 &L13 9>;
			reg = <0xc000000 0x4000000>;
			reg-names = "control";
			riscv,max-priority = <1>;
			riscv,ndev = <1>;
		};
		L10: mbus_clock {
			#clock-cells = <0>;
			clock-frequency = <50000000>;
			clock-output-names = "mbus_clock";
			compatible = "fixed-clock";
		};
		L6: pbus_clock {
			#clock-cells = <0>;
			clock-frequency = <50000000>;
			clock-output-names = "pbus_clock";
			compatible = "fixed-clock";
		};
		L28: qavidma@40000000 {
			compatible = "qavi,dma";
			reg = <0x40000000 0x1000>;
			reg-names = "control";
		};
		L24: rom@10000 {
			compatible = "sifive,rom0";
			reg = <0x10000 0x10000>;
			reg-names = "mem";
		};
		L5: sbus_clock {
			#clock-cells = <0>;
			clock-frequency = <50000000>;
			clock-output-names = "sbus_clock";
			compatible = "fixed-clock";
		};
		L27: serial@10020000 {
			clocks = <&L6>;
			compatible = "sifive,uart0";
			interrupt-parent = <&L16>;
			interrupts = <1>;
			reg = <0x10020000 0x1000>;
			reg-names = "control";
		};
		L30: tile-reset-setter@110000 {
			reg = <0x110000 0x1000>;
			reg-names = "control";
		};
	};
};

Generated Address Map
	       0 -     1000 ARWX  debug-controller@0
	    1000 -     2000 ARW   boot-address-reg@1000
	    3000 -     4000 ARWX  error-device@3000
	   10000 -    20000  R X  rom@10000
	  100000 -   101000 ARW   clock-gater@100000
	  110000 -   111000 ARW   tile-reset-setter@110000
	 2000000 -  2010000 ARW   clint@2000000
	 8000000 -  8010000  RWXC memory@8000000
	 c000000 - 10000000 ARW   interrupt-controller@c000000
	10020000 - 10021000 ARW   serial@10020000
	40000000 - 40001000 ARW   qavidma@40000000
	80000000 - 90000000  RWXC memory@80000000

IOCells generated by IOBinders:
  IOBinder for interface sifive.blocks.devices.uart.HasPeripheryUART generated:
    1 X GenericDigitalInIOCell
    1 X GenericDigitalOutIOCell
  IOBinder for interface testchipip.boot.CanHavePeripheryCustomBootPin generated:
    1 X GenericDigitalInIOCell
  IOBinder for interface freechips.rocketchip.devices.debug.HasPeripheryDebug generated:
    4 X GenericDigitalInIOCell
    1 X GenericDigitalOutIOCell
  IOBinder for interface chipyard.clocking.CanHaveClockTap generated:
    1 X GenericDigitalOutIOCell
  IOBinder for interface testchipip.serdes.CanHavePeripheryTLSerial generated:
    35 X GenericDigitalInIOCell
    34 X GenericDigitalOutIOCell

  Total generated 78 IOCells:
    41 X GenericDigitalInIOCell
    37 X GenericDigitalOutIOCell
Harness binder clock is 50.0
[warn] generators/chipyard/src/main/scala/example/QaviDMA.scala 94:30: [W004] Dynamic index with width 30 is too wide for Vec of size 256 (expected index width 8).
[warn]         readData := dmaBuffer(copiedBytes >> 2)
[warn]                              ^
[warn] generators/chipyard/src/main/scala/example/QaviDMA.scala 101:17: [W004] Dynamic index with width 30 is too wide for Vec of size 256 (expected index width 8).
[warn]        dmaBuffer((copiedBytes >> 2) + 64.U) := readData
[warn]                 ^
[warn] generators/rocket-chip/src/main/scala/devices/debug/Debug.scala 1127:60: [W002] Dynamic index with width 10 is too large for extractee of width 2
[warn]         hgHartFiring(hg) := hartHaltedWrEn & ~haltedBitRegs(hartSelFuncs.hartIdToHartSel(hartHaltedId)) & (hgParticipateHart(hartSelFuncs.hartIdToHartSel(hartHaltedId)) === hg.U)
[warn]                                                            ^
[warn] generators/rocket-chip/src/main/scala/devices/debug/Debug.scala 1127:125: [W004] Dynamic index with width 10 is too wide for Vec of size 2 (expected index width 1).
[warn]         hgHartFiring(hg) := hartHaltedWrEn & ~haltedBitRegs(hartSelFuncs.hartIdToHartSel(hartHaltedId)) & (hgParticipateHart(hartSelFuncs.hartIdToHartSel(hartHaltedId)) === hg.U)
[warn]                                                                                                                             ^
[warn] There were 4 warning(s) during hardware elaboration.
